Retrieval/screening date: 2026-09-08

Federal Reserve official records
- https://www.federalreserve.gov/monetarypolicy/fomc_historical.htm
- https://www.federalreserve.gov/monetarypolicy/fomchistorical2017.htm
- https://www.federalreserve.gov/monetarypolicy/fomchistorical2018.htm
- https://www.federalreserve.gov/monetarypolicy/fomchistorical2019.htm
- https://www.federalreserve.gov/monetarypolicy/fomchistorical2020.htm
- https://www.federalreserve.gov/monetarypolicy/fomccalendars.htm
- All 73 nonblank official statement links plus 12 registered institutional sources were included in an 85-URL live check; all returned HTTP 200.

SF Fed USMPD metadata screen
- Page: https://www.frbsf.org/research-and-insights/data-and-indicators/us-monetary-policy-event-study-database/
- Workbook: https://www.frbsf.org/wp-content/uploads/USMPD.xlsx?2026-09-04=
- Page/workbook update stated: 2026-08-03
- Bytes inspected: 197257
- SHA-256: a45c62daa56a2690e71c29ffdd53475220a97a476c3af3ffc172252d9033cca4
- Statements: 278 rows, 1994-02-04 through 2026-07-29
- Press Conferences: 94 rows, 2011-04-27 through 2026-07-29
- Monetary Events: 278 rows, 1994-02-04 through 2026-07-29
- Minutes: 205 rows, 2001-02-01 through 2026-07-08
- This is availability/schema metadata only. No row-level USMPD classification, surprise, factor, or return was imported.

NYSE daily-session sources
- https://www.nyse.com/trade/hours-calendars
- https://www.nyse.com/publicdocs/Trading_Days.pdf
- Official 2018-12-05 national-mourning closure notice is registered in logs/stage_e_sources.csv.
- Official 2025-01-09 national-mourning closure notice is registered in logs/stage_e_sources.csv.
- Official NYSE Juneteenth rule filing is registered in logs/stage_e_sources.csv.
