retrieval_date=2026-09-08
calendar_rows_total=78
calendar_rows_primary_2018_2025=72
eligible_scheduled_statement_meetings_primary_2018_2025=63
calendar_rows_partial_2026=5
ledger_path=rebalance_event_ledger.csv
ledger_issue=
support_rows_total=11745
support_rows_resolved=8646
resolved_unique_event_ids=785
resolved_confirmed_binding_unique_event_ids=30
resolved_unique_event_groups=104
resolved_unique_intervention_dates=49
resolved_unique_event_ids_without_intervention_date=356
all_unique_event_groups=104
dated_unique_event_groups=83
undated_unique_event_groups=21
resolved_unique_basket_assignment_ids=785
resolved_unique_reusable_comparison_ids=0
resolved_unique_fomc_meeting_ids=69
resolved_unique_fomc_meeting_ids_scope_boundary_context=1
resolved_unique_fomc_meeting_ids_scope_partial_extension_2026_realized_through_2026-07-29=5
resolved_unique_fomc_meeting_ids_scope_primary_2018_2025=63
resolved_confirmed_binding_unique_fomc_meeting_ids_scope_primary_2018_2025=39
counting_note=Meeting, intervention-group, and basket-assignment counts are distinct concepts; none is labelled an independent-observation count.
interpretation_note=All ledger rows are screened for calendar intersection; only rows with support_role=CONFIRMED_BINDING_EVENT_SUPPORT are treatment-support rows.
comparison_note=A zero reusable-comparison count means Stage B supplied no validated comparison_id; it is an open design gap, not evidence of no possible comparison.
event_overlap_note=dated_other_* counts exclude undated groups by construction; undated_other_event_group_count is carried on every computed row. Confirmed-binding counts are separated from all scheduled/context events.
measurement_note=No intraday feasibility, quote-data availability, factor construction, power, or MDE claim is made.
