{
  "baseline": -0.13107397642233506,
  "composition": [
    {
      "SOC2_groups": 22,
      "SOC2_post_reference_group": "",
      "absorbed_second_FE_groups": 108,
      "analysis_status": "POST-OUTCOME EXPLORATORY -- NOT PART OF CONFIRMATORY YAX v1.1",
      "analytic_cluster_se": 0.04440978614525461,
      "bootstrap_critical": 1.9363954721391876,
      "bootstrap_draws": 9999,
      "bootstrap_p_value": 0.003,
      "bootstrap_se": 0.04421585212284412,
      "calendar": "frozen_108_month",
      "ci_lower": -0.2170688852326757,
      "ci_upper": -0.045079067611994414,
      "coefficient": -0.13107397642233506,
      "conditional_target_information": 25675132.656625956,
      "conditional_target_residual_weighted_sd": 0.15896375724253461,
      "effective_occupation_information_count": 43.29956454519649,
      "fixed_effects": "occupation and calendar-month fixed effects",
      "information_matrix_columns": 5,
      "information_matrix_condition_number_positive_spectrum": 24.499798007917065,
      "information_matrix_rank": 5,
      "interval_role": "round2_9999_common_draw_interval_not_frozen_canonical_interval",
      "model": "frozen_baseline",
      "months": 108,
      "slope_parameters": 5,
      "support_occupations": 468,
      "top_five_information_share": 0.24571027201288212
    },
    {
      "SOC2_groups": 22,
      "SOC2_post_reference_group": "11",
      "absorbed_second_FE_groups": 108,
      "analysis_status": "POST-OUTCOME EXPLORATORY -- NOT PART OF CONFIRMATORY YAX v1.1",
      "analytic_cluster_se": 0.07116816650626415,
      "bootstrap_critical": 1.9283867999004516,
      "bootstrap_draws": 9999,
      "bootstrap_p_value": 0.7036,
      "bootstrap_se": 0.07118192194802976,
      "calendar": "frozen_108_month",
      "ci_lower": -0.1649901240937853,
      "ci_upper": 0.10948938163380914,
      "coefficient": -0.02775037122998808,
      "conditional_target_information": 7726895.800168239,
      "conditional_target_residual_weighted_sd": 0.08720870527608701,
      "effective_occupation_information_count": 55.603716129202894,
      "fixed_effects": "occupation and calendar-month fixed effects plus SOC2-by-post slopes",
      "information_matrix_columns": 26,
      "information_matrix_condition_number_positive_spectrum": 924.2823971215915,
      "information_matrix_rank": 26,
      "interval_role": "round2_9999_common_draw_interval_not_frozen_canonical_interval",
      "model": "SOC2_x_post",
      "months": 108,
      "slope_parameters": 26,
      "support_occupations": 468,
      "top_five_information_share": 0.21118171087310578
    },
    {
      "SOC2_groups": 22,
      "SOC2_post_reference_group": "",
      "absorbed_second_FE_groups": 2376,
      "analysis_status": "POST-OUTCOME EXPLORATORY -- NOT PART OF CONFIRMATORY YAX v1.1",
      "analytic_cluster_se": 0.07090646583323476,
      "bootstrap_critical": 1.9256090870202338,
      "bootstrap_draws": 9999,
      "bootstrap_p_value": 0.6996,
      "bootstrap_se": 0.07087941824451179,
      "calendar": "frozen_108_month",
      "ci_lower": -0.16460711003612336,
      "ci_upper": 0.10846915983780983,
      "coefficient": -0.02806897509915676,
      "conditional_target_information": 7704733.523112444,
      "conditional_target_residual_weighted_sd": 0.08712960648308223,
      "effective_occupation_information_count": 55.833949622905095,
      "fixed_effects": "occupation and absorbed SOC2-by-calendar-month fixed effects",
      "information_matrix_columns": 5,
      "information_matrix_condition_number_positive_spectrum": 43.45714858427265,
      "information_matrix_rank": 5,
      "interval_role": "round2_9999_common_draw_interval_not_frozen_canonical_interval",
      "model": "SOC2_x_calendar_month",
      "months": 108,
      "slope_parameters": 5,
      "support_occupations": 468,
      "top_five_information_share": 0.21072814664693024
    },
    {
      "SOC2_groups": 22,
      "SOC2_post_reference_group": "",
      "absorbed_second_FE_groups": 113,
      "analysis_status": "POST-OUTCOME EXPLORATORY -- NOT PART OF CONFIRMATORY YAX v1.1",
      "analytic_cluster_se": 0.04495662370942422,
      "bootstrap_critical": 1.9486896471750281,
      "bootstrap_draws": 9999,
      "bootstrap_p_value": 0.0025,
      "bootstrap_se": 0.0448028408585502,
      "calendar": "March_repaired_113_month",
      "ci_lower": -0.22216046076779228,
      "ci_upper": -0.0469474463787955,
      "coefficient": -0.1345539535732939,
      "conditional_target_information": 26439914.39847236,
      "conditional_target_residual_weighted_sd": 0.15774357884040544,
      "effective_occupation_information_count": 43.3630050304997,
      "fixed_effects": "occupation and calendar-month fixed effects",
      "information_matrix_columns": 5,
      "information_matrix_condition_number_positive_spectrum": 24.486702795418978,
      "information_matrix_rank": 5,
      "interval_role": "round2_9999_common_draw_interval_not_frozen_canonical_interval",
      "model": "frozen_baseline",
      "months": 113,
      "slope_parameters": 5,
      "support_occupations": 468,
      "top_five_information_share": 0.245456263928905
    },
    {
      "SOC2_groups": 22,
      "SOC2_post_reference_group": "11",
      "absorbed_second_FE_groups": 113,
      "analysis_status": "POST-OUTCOME EXPLORATORY -- NOT PART OF CONFIRMATORY YAX v1.1",
      "analytic_cluster_se": 0.07057871431374263,
      "bootstrap_critical": 1.9281966814223752,
      "bootstrap_draws": 9999,
      "bootstrap_p_value": 0.6655,
      "bootstrap_se": 0.07062873800002224,
      "calendar": "March_repaired_113_month",
      "ci_lower": -0.16756342163366922,
      "ci_upper": 0.10461586380396365,
      "coefficient": -0.03147377891485278,
      "conditional_target_information": 7953583.096566298,
      "conditional_target_residual_weighted_sd": 0.08652038130542397,
      "effective_occupation_information_count": 55.69410578680724,
      "fixed_effects": "occupation and calendar-month fixed effects plus SOC2-by-post slopes",
      "information_matrix_columns": 26,
      "information_matrix_condition_number_positive_spectrum": 915.6234751915612,
      "information_matrix_rank": 26,
      "interval_role": "round2_9999_common_draw_interval_not_frozen_canonical_interval",
      "model": "SOC2_x_post",
      "months": 113,
      "slope_parameters": 26,
      "support_occupations": 468,
      "top_five_information_share": 0.21111884210737325
    },
    {
      "SOC2_groups": 22,
      "SOC2_post_reference_group": "",
      "absorbed_second_FE_groups": 2486,
      "analysis_status": "POST-OUTCOME EXPLORATORY -- NOT PART OF CONFIRMATORY YAX v1.1",
      "analytic_cluster_se": 0.07034241691996893,
      "bootstrap_critical": 1.9291684746757418,
      "bootstrap_draws": 9999,
      "bootstrap_p_value": 0.6614,
      "bootstrap_se": 0.07035052951488212,
      "calendar": "March_repaired_113_month",
      "ci_lower": -0.16743936072701562,
      "ci_upper": 0.10396538558198745,
      "coefficient": -0.03173698757251408,
      "conditional_target_information": 7930887.082887961,
      "conditional_target_residual_weighted_sd": 0.08644253157864962,
      "effective_occupation_information_count": 55.916115468479006,
      "fixed_effects": "occupation and absorbed SOC2-by-calendar-month fixed effects",
      "information_matrix_columns": 5,
      "information_matrix_condition_number_positive_spectrum": 43.431454787421195,
      "information_matrix_rank": 5,
      "interval_role": "round2_9999_common_draw_interval_not_frozen_canonical_interval",
      "model": "SOC2_x_calendar_month",
      "months": 113,
      "slope_parameters": 5,
      "support_occupations": 468,
      "top_five_information_share": 0.2106833004112139
    }
  ],
  "exclusions": [
    {
      "analysis_status": "POST-OUTCOME EXPLORATORY -- NOT PART OF CONFIRMATORY YAX v1.1",
      "analytic_cluster_se": 0.040670342273781926,
      "bootstrap_critical": 1.9481216217182484,
      "bootstrap_draws": 9999,
      "bootstrap_p_value": 0.0034,
      "bootstrap_se": 0.040785390206566186,
      "ci_lower": -0.19933309627610823,
      "ci_upper": -0.04087154998363568,
      "classification_basis": "Census-2018 occupation SOC major groups",
      "coefficient": -0.12010232312987196,
      "conditional_target_information": 23979528.085889176,
      "conditional_target_residual_weighted_sd": 0.1593382333046703,
      "effective_occupation_information_count": 42.94888465179219,
      "excluded_codes": "4000|4010|4030|4040|4055|4110|4120|4130|4140|4150",
      "excluded_occupations": 10,
      "excluded_stock_share": 0.032700828197751435,
      "information_matrix_columns": 5,
      "information_matrix_condition_number_positive_spectrum": 24.523409200189914,
      "information_matrix_rank": 5,
      "quintiles_recomputed": false,
      "specification": "exclude_all_SOC35_food_preparation_and_serving",
      "top_five_information_share": 0.2491427048784718
    },
    {
      "analysis_status": "POST-OUTCOME EXPLORATORY -- NOT PART OF CONFIRMATORY YAX v1.1",
      "analytic_cluster_se": 0.0406151190948116,
      "bootstrap_critical": 1.9508874842143447,
      "bootstrap_draws": 9999,
      "bootstrap_p_value": 0.0035,
      "bootstrap_se": 0.04073597746669938,
      "ci_lower": -0.19882404700595757,
      "ci_upper": -0.040352991982071554,
      "classification_basis": "Census-2018 occupation SOC major groups",
      "coefficient": -0.11958851949401456,
      "conditional_target_information": 24018664.587176044,
      "conditional_target_residual_weighted_sd": 0.15576409434177377,
      "effective_occupation_information_count": 43.10752749682238,
      "excluded_codes": "4030|4055|4120|4130|4140",
      "excluded_occupations": 5,
      "excluded_stock_share": 0.01172547409687866,
      "information_matrix_columns": 5,
      "information_matrix_condition_number_positive_spectrum": 25.988023463754374,
      "information_matrix_rank": 5,
      "quintiles_recomputed": false,
      "specification": "exclude_Q1_SOC35_food_preparation_and_serving",
      "top_five_information_share": 0.2487378513121066
    },
    {
      "analysis_status": "POST-OUTCOME EXPLORATORY -- NOT PART OF CONFIRMATORY YAX v1.1",
      "analytic_cluster_se": 0.043486798597567884,
      "bootstrap_critical": 1.9477404814184354,
      "bootstrap_draws": 9999,
      "bootstrap_p_value": 0.0018,
      "bootstrap_se": 0.043586086698032545,
      "ci_lower": -0.2216754698053053,
      "ci_upper": -0.052273473733758485,
      "classification_basis": "Census-2018 occupation SOC major groups",
      "coefficient": -0.1369744717695319,
      "conditional_target_information": 21185625.843179006,
      "conditional_target_residual_weighted_sd": 0.15460988576305723,
      "effective_occupation_information_count": 40.17411367913466,
      "excluded_codes": "4000|4010|4030|4040|4055|4110|4120|4130|4140|4150|4200|4210|4230|4240|4251|4252|4330|4340|4350|4420|4461|4465|4500|4510|4521|4522|4525|4530|4540|4600|4621|4622|4640",
      "excluded_occupations": 33,
      "excluded_stock_share": 0.08201851297535387,
      "information_matrix_columns": 5,
      "information_matrix_condition_number_positive_spectrum": 28.374418722234303,
      "information_matrix_rank": 5,
      "quintiles_recomputed": false,
      "specification": "exclude_all_SOC35_37_39_in_person_services",
      "top_five_information_share": 0.28394509814694086
    },
    {
      "analysis_status": "POST-OUTCOME EXPLORATORY -- NOT PART OF CONFIRMATORY YAX v1.1",
      "analytic_cluster_se": 0.04347244357802508,
      "bootstrap_critical": 1.952865348452193,
      "bootstrap_draws": 9999,
      "bootstrap_p_value": 0.0016,
      "bootstrap_se": 0.04352196644763104,
      "ci_lower": -0.2235859182020637,
      "ci_upper": -0.05379426084992718,
      "classification_basis": "Census-2018 occupation SOC major groups",
      "coefficient": -0.13869008952599543,
      "conditional_target_information": 21283378.10214713,
      "conditional_target_residual_weighted_sd": 0.14996675574987392,
      "effective_occupation_information_count": 40.57271721412283,
      "excluded_codes": "4030|4055|4120|4130|4140|4230|4251|4252|4340|4420|4461|4500|4510|4521|4525|4600|4621",
      "excluded_occupations": 17,
      "excluded_stock_share": 0.04885584890094974,
      "information_matrix_columns": 5,
      "information_matrix_condition_number_positive_spectrum": 30.972397608574617,
      "information_matrix_rank": 5,
      "quintiles_recomputed": false,
      "specification": "exclude_Q1_SOC35_37_39_in_person_services",
      "top_five_information_share": 0.28278285883515053
    }
  ],
  "failures": [],
  "influence": [
    {
      "analysis_status": "POST-OUTCOME EXPLORATORY -- NOT PART OF CONFIRMATORY YAX v1.1",
      "analytic_cluster_se": 0.03853821087224538,
      "bootstrap_critical": 1.930191040368593,
      "bootstrap_draws": 9999,
      "bootstrap_p_value": 0.0081,
      "bootstrap_se": 0.03837006236000792,
      "ci_lower": -0.175454245136487,
      "ci_upper": -0.02668202646159991,
      "coefficient": -0.10106813579904345,
      "conditional_target_information": 21184628.424739614,
      "conditional_target_residual_weighted_sd": 0.14864910865105832,
      "data_adaptive": true,
      "deleted_codes": "4055|5240|3601|1108|5860",
      "deleted_names": "Fast food and counter workers|Customer service representatives|Home health aides|Computer occupations, all other|Office clerks, general",
      "deleted_occupations": 5,
      "deleted_stock_share": 0.041064612516175304,
      "effective_occupation_information_count": 45.623952946613905,
      "information_matrix_columns": 5,
      "information_matrix_condition_number_positive_spectrum": 25.593121675256338,
      "information_matrix_rank": 5,
      "specification": "joint_leave_top_5_frozen_LOCO",
      "top_five_information_share": 0.23113827409451076
    },
    {
      "analysis_status": "POST-OUTCOME EXPLORATORY -- NOT PART OF CONFIRMATORY YAX v1.1",
      "analytic_cluster_se": 0.04356841602863433,
      "bootstrap_critical": 1.9628148477830059,
      "bootstrap_draws": 9999,
      "bootstrap_p_value": 0.0005,
      "bootstrap_se": 0.04357705813595458,
      "ci_lower": -0.23768614933475085,
      "ci_upper": -0.06665268158396971,
      "coefficient": -0.15216941545936027,
      "conditional_target_information": 16701702.235514004,
      "conditional_target_residual_weighted_sd": 0.1369530168409366,
      "data_adaptive": true,
      "deleted_codes": "4055|5240|3601|1108|5860|5740|4030|9620|4850|1021",
      "deleted_names": "Fast food and counter workers|Customer service representatives|Home health aides|Computer occupations, all other|Office clerks, general|Secretaries and administrative assistants, except legal, medical, and executive|Food preparation workers|Laborers and freight, stock, and material movers, hand|Sales representatives, wholesale and manufacturing|Software developers",
      "deleted_occupations": 10,
      "deleted_stock_share": 0.10002392418629798,
      "effective_occupation_information_count": 59.33919099430613,
      "information_matrix_columns": 5,
      "information_matrix_condition_number_positive_spectrum": 25.124022578121533,
      "information_matrix_rank": 5,
      "specification": "joint_leave_top_10_frozen_LOCO",
      "top_five_information_share": 0.1907786415814766
    },
    {
      "analysis_status": "POST-OUTCOME EXPLORATORY -- NOT PART OF CONFIRMATORY YAX v1.1",
      "analytic_cluster_se": 0.037488818863135966,
      "bootstrap_critical": 1.97650862423486,
      "bootstrap_draws": 9999,
      "bootstrap_p_value": 0.0001,
      "bootstrap_se": 0.0373313765223459,
      "ci_lower": -0.2296355344726315,
      "ci_upper": -0.08144158688189804,
      "coefficient": -0.15553856067726476,
      "conditional_target_information": 13829020.913703896,
      "conditional_target_residual_weighted_sd": 0.12813763781410586,
      "data_adaptive": true,
      "deleted_codes": "4055|5240|3601|1108|5860|5740|4030|9620|4850|1021|1430|6355|5120|5840|4510|2350|0630|0910|5100|4600",
      "deleted_names": "Fast food and counter workers|Customer service representatives|Home health aides|Computer occupations, all other|Office clerks, general|Secretaries and administrative assistants, except legal, medical, and executive|Food preparation workers|Laborers and freight, stock, and material movers, hand|Sales representatives, wholesale and manufacturing|Software developers|Industrial engineers, including health and safety|Electricians|Bookkeeping, accounting, and auditing clerks|Insurance claims and policy processing clerks|Hairdressers, hairstylists, and cosmetologists|Tutors|Human resources workers|Credit counselors and loan officers|Bill and account collectors|Childcare workers",
      "deleted_occupations": 20,
      "deleted_stock_share": 0.14325822962419998,
      "effective_occupation_information_count": 50.689267273200294,
      "information_matrix_columns": 5,
      "information_matrix_condition_number_positive_spectrum": 28.228282074843577,
      "information_matrix_rank": 5,
      "specification": "joint_leave_top_20_frozen_LOCO",
      "top_five_information_share": 0.21932900875052325
    },
    {
      "analysis_status": "POST-OUTCOME EXPLORATORY -- NOT PART OF CONFIRMATORY YAX v1.1",
      "analytic_cluster_se": 0.03628727514833451,
      "bootstrap_critical": 1.9632134707777955,
      "bootstrap_draws": 9999,
      "bootstrap_p_value": 0.0004,
      "bootstrap_se": 0.03641802624950936,
      "ci_lower": -0.1993274873701587,
      "ci_upper": -0.05684815259209741,
      "coefficient": -0.12808781998112806,
      "conditional_target_information": 13078856.39497385,
      "conditional_target_residual_weighted_sd": 0.12569252308989776,
      "data_adaptive": true,
      "deleted_codes": "3601|5860|5740|4030|9620|4850|1021|1430|5120|4510|2350|4600|7340|6442|5810|1240|5100|0910|0630|5840|6355|1108|5240|4055",
      "deleted_names": "Home health aides|Office clerks, general|Secretaries and administrative assistants, except legal, medical, and executive|Food preparation workers|Laborers and freight, stock, and material movers, hand|Sales representatives, wholesale and manufacturing|Software developers|Industrial engineers, including health and safety|Bookkeeping, accounting, and auditing clerks|Hairdressers, hairstylists, and cosmetologists|Tutors|Childcare workers|Maintenance and repair workers, general|Plumbers, pipefitters, and steamfitters|Data entry keyers|Other mathematical science occupations|Bill and account collectors|Credit counselors and loan officers|Human resources workers|Insurance claims and policy processing clerks|Electricians|Computer occupations, all other|Customer service representatives|Fast food and counter workers",
      "deleted_occupations": 24,
      "deleted_stock_share": 0.1566852110639373,
      "effective_occupation_information_count": 47.09314376561925,
      "information_matrix_columns": 5,
      "information_matrix_condition_number_positive_spectrum": 28.680661179048332,
      "information_matrix_rank": 5,
      "specification": "trim_2.5pct_each_signed_frozen_LOCO_tail",
      "top_five_information_share": 0.23427221716385765
    },
    {
      "LOCO_absolute_deviation_p95_cutoff": 0.004268403018782138,
      "LOCO_signed_median": 8.179618043169246e-07,
      "analysis_status": "POST-OUTCOME EXPLORATORY -- NOT PART OF CONFIRMATORY YAX v1.1",
      "analytic_cluster_se": 0.03514813579674174,
      "bootstrap_critical": 1.939406332133174,
      "bootstrap_draws": 9999,
      "bootstrap_p_value": 0.0004,
      "bootstrap_se": 0.03508689178965762,
      "ci_lower": -0.19957968436382562,
      "ci_upper": -0.0632466501100704,
      "coefficient": -0.13141316723694801,
      "conditional_target_information": 19539795.759023167,
      "conditional_target_residual_weighted_sd": 0.14514921227354058,
      "data_adaptive": true,
      "deleted_occupations": 0,
      "downweighted_occupations": 24,
      "effective_occupation_count_from_multipliers": 463.58070778810924,
      "effective_occupation_information_count": 62.7952850173104,
      "information_matrix_columns": 5,
      "information_matrix_condition_number_positive_spectrum": 25.497546088235893,
      "information_matrix_rank": 5,
      "minimum_occupation_weight_multiplier": 0.20800864841266722,
      "specification": "Huber_downweight_above_p95_absolute_LOCO_deviation",
      "top_five_information_share": 0.18602908889926464
    }
  ],
  "profile_equality": {
    "analysis_status": "POST-OUTCOME EXPLORATORY -- NOT PART OF CONFIRMATORY YAX v1.1",
    "bootstrap_draws": 9999,
    "coefficient_profile_Q1_to_Q5": [
      0.0,
      -0.08546902900406472,
      -0.04779245510046994,
      -0.09702751057536174,
      -0.13107397642233506
    ],
    "null": "b2=b3=b4=b5",
    "restrictions": 3,
    "wald_statistic": 5.733049003728046,
    "wild_score_p_value": 0.1185
  },
  "profile_monotonicity": {
    "adjacent": [
      {
        "adjacent_difference": "Q2-Q1",
        "analysis_status": "POST-OUTCOME EXPLORATORY -- NOT PART OF CONFIRMATORY YAX v1.1",
        "cluster_se": 0.03842181985227107,
        "estimate_next_minus_previous": -0.08546902900406472,
        "required_for_monotone_nonincreasing": "<=0",
        "simultaneous_one_sided_lower": -0.1696171521281301,
        "simultaneous_one_sided_upper": -0.0013209058799993484,
        "t_statistic": -2.2244919509978063
      },
      {
        "adjacent_difference": "Q3-Q2",
        "analysis_status": "POST-OUTCOME EXPLORATORY -- NOT PART OF CONFIRMATORY YAX v1.1",
        "cluster_se": 0.030033649233493626,
        "estimate_next_minus_previous": 0.03767657390359478,
        "required_for_monotone_nonincreasing": "<=0",
        "simultaneous_one_sided_lower": -0.028100508579280613,
        "simultaneous_one_sided_upper": 0.10345365638647017,
        "t_statistic": 1.2544787218723237
      },
      {
        "adjacent_difference": "Q4-Q3",
        "analysis_status": "POST-OUTCOME EXPLORATORY -- NOT PART OF CONFIRMATORY YAX v1.1",
        "cluster_se": 0.028913419816101654,
        "estimate_next_minus_previous": -0.0492350554748918,
        "required_for_monotone_nonincreasing": "<=0",
        "simultaneous_one_sided_lower": -0.1125587090649052,
        "simultaneous_one_sided_upper": 0.014088598115121607,
        "t_statistic": -1.7028444157779352
      },
      {
        "adjacent_difference": "Q5-Q4",
        "analysis_status": "POST-OUTCOME EXPLORATORY -- NOT PART OF CONFIRMATORY YAX v1.1",
        "cluster_se": 0.039242488544747774,
        "estimate_next_minus_previous": -0.03404646584697332,
        "required_for_monotone_nonincreasing": "<=0",
        "simultaneous_one_sided_lower": -0.11999194605730158,
        "simultaneous_one_sided_upper": 0.05189901436335494,
        "t_statistic": -0.8675919165562224
      }
    ],
    "analysis_status": "POST-OUTCOME EXPLORATORY -- NOT PART OF CONFIRMATORY YAX v1.1",
    "bootstrap_draws": 9999,
    "least_favorable_boundary": "all four adjacent differences equal zero",
    "max_t_statistic": 1.2544787218723237,
    "null": "all adjacent next-minus-previous differences are <= 0",
    "one_sided_max_t_critical_95": 2.1901128954226636,
    "one_sided_max_t_p_value": 0.3933,
    "verdict": "UNRESOLVED_NOT_REJECTED_AND_NOT_ESTABLISHED"
  },
  "stable_tail": {
    "always_Q1_common_support_employment_share": 0.07338340051564568,
    "always_Q1_occupations": 46,
    "always_Q5_common_support_employment_share": 0.024051961631614664,
    "always_Q5_occupations": 18,
    "analysis_status": "POST-OUTCOME EXPLORATORY -- NOT PART OF CONFIRMATORY YAX v1.1",
    "analytic_cluster_se": 0.10467883013055257,
    "bootstrap_critical": 1.9211332960307153,
    "bootstrap_draws": 9999,
    "bootstrap_p_value": 0.0375,
    "bootstrap_se": 0.10433949358651835,
    "ci_lower": -0.4130889742863322,
    "ci_upper": -0.010885002379636605,
    "coefficient": -0.2119869883329844,
    "common_support_occupations": 444,
    "conditional_target_information": 4002277.7396035115,
    "conditional_target_residual_weighted_sd": 0.19368429451755506,
    "effective_occupation_information_count": 15.022765279343664,
    "information_matrix_columns": 2,
    "information_matrix_condition_number_positive_spectrum": 7.5820553724914115,
    "information_matrix_rank": 2,
    "interpretation_limit": "estimate applies only to occupations stably assigned to an extreme across all six implementations",
    "model": "always_Q5_vs_always_Q1_with_Webb_post",
    "selected_common_support_employment_share": 0.09743536214726035,
    "selected_occupations": 64,
    "top_five_information_share": 0.4669137418630756
  },
  "status": "PASS_COMPOSITION_INFLUENCE"
}
