Traceback (most recent call last):
  File "<YAX_SCC_PROJECT_ROOT>/agents/heterogeneity/run_heterogeneity.py", line 24, in <module>
    from scipy.stats import chi2
ModuleNotFoundError: No module named 'scipy.stats'
{
  "baseline": -0.13210945079219039,
  "failures": [],
  "models": 12,
  "paired_contrasts": 10,
  "status": "PASS_CHAR03_CHAR04",
  "support": {
    "BASE03_occupations": 468,
    "age_common_support_occupations": 439,
    "age_support_hash": "08b04d3f9d9483d8b2d545738643a69230464952e7dc779a73622f01c28461c6",
    "education_common_support_occupations": 429,
    "education_support_hash": "1d906eb433a2833bdd5ed0844351d0d59902887e4d037511882c1538d357d7f3",
    "industry_groups": [
      "agriculture",
      "business_repair_services",
      "construction",
      "entertainment_recreation",
      "finance_insurance_real_estate",
      "manufacturing",
      "mining",
      "personal_lodging_services",
      "professional_related_services",
      "public_administration",
      "retail_trade",
      "transport_communications_utilities",
      "wholesale_trade"
    ],
    "industry_preconnected_occupations": 468,
    "industry_preconnected_strata": 3127,
    "industry_support_hash": "11ec58ab1004cd83d62c57785f6c0dd3ee5a8abf08b7f71a3b664e91ded8333b"
  }
}
{
  "status": "PASS",
  "passed": 65,
  "total": 65
}
